// Jest Snapshot v1, https://goo.gl/fbAQLP

exports[`PageFavs should renders properly 1`] = `
<BaseTemplate>
  <Container>
    <FavPlaces />
  </Container>
</BaseTemplate>
`;
